============== DuplicateTags.fbs ============
include "${DIR}/tracing_schema_common.fbs";

table TableWithTag (tag: "TTT0") {
  field1: int32;
  field2: int32;
}

table TableWithSameTag (tag: "TTT0") {
  field1: int32;
  field2: string;
}
============== diagnosis ============
ERROR: ${DIR}/tools/testdata/DuplicateTags.fbs contains table TableWithTag with tag TTT0 which is already present in the schema. All tags must be unique.

============== result ============

